-----------------------New Log-----------------------------
[DEBUG] 2023/09/12 10:43:59 main.go:21 msgserver start...
CoMsgHook initialised
client connected lient mqttx_7475c6ed from 172.28.64.1:50384
OnConnectAuthenticate xin3 password:xinxin3
client failed ACL check
received from client client mqttx_7475c6ed payload {
  "msg": "2222222222222222222222222222"
}
published to client client mqttx_7475c6ed payload {
  "msg": "2222222222222222222222222222"
}
[DEBUG] 2023/09/12 10:44:10 main.go:32 msgserver try to close...
[DEBUG] 2023/09/12 10:44:10 main.go:34 msgserver closed...
client disconnected + client mqttx_7475c6ed expire true, erro:read tcp 172.28.67.82:1884->172.28.64.1:50384: use of closed network connection
-----------------------New Log-----------------------------
[DEBUG] 2023/09/12 10:47:01 main.go:21 msgserver start...
CoMsgHook initialised
client connected lient mqttx_7475c6ed from 172.28.64.1:50553
OnConnectAuthenticate xin3 password:xinxin3
client disconnected + client mqttx_7475c6ed expire true
client connected lient client_123 from 172.28.64.1:50587
OnConnectAuthenticate xin3 password:xinxin3
client connected lient mqttx_2f66b976 from 172.28.64.1:50602
OnConnectAuthenticate xin2 password:xxx2
client disconnected + client mqttx_2f66b976 expire true
client connected lient client_123 from 172.28.64.1:50621
OnConnectAuthenticate xin2 password:xxx2
client disconnected + client client_123 expire true, erro:read tcp 172.28.67.82:1884->172.28.64.1:50587: use of closed network connection
client connected lient client_123 from 172.28.64.1:50625
OnConnectAuthenticate xin3 password:xinxin3
client disconnected + client client_123 expire true, erro:read tcp 172.28.67.82:1883->172.28.64.1:50621: use of closed network connection
client connected lient client_123 from 172.28.64.1:50626
OnConnectAuthenticate xin2 password:xxx2
client disconnected + client client_123 expire true, erro:read tcp 172.28.67.82:1884->172.28.64.1:50625: use of closed network connection
client connected lient client_123 from 172.28.64.1:50635
OnConnectAuthenticate xin3 password:xinxin3
client disconnected + client client_123 expire true, erro:read tcp 172.28.67.82:1883->172.28.64.1:50626: use of closed network connection
client connected lient client_123 from 172.28.64.1:50650
OnConnectAuthenticate xin2 password:xxx2
client disconnected + client client_123 expire true, erro:read tcp 172.28.67.82:1884->172.28.64.1:50635: use of closed network connection
client disconnected + client client_123 expire true
client connected lient client_123 from 172.28.64.1:50655
OnConnectAuthenticate xin3 password:xinxin3
client connected lient client_1234 from 172.28.64.1:50657
OnConnectAuthenticate xin2 password:xxx2
client disconnected + client client_123 expire true, erro:read tcp 172.28.67.82:1884->172.28.64.1:50655: i/o timeout
client disconnected + client client_1234 expire true, erro:read tcp 172.28.67.82:1883->172.28.64.1:50657: i/o timeout
client connected lient client_1234 from 172.28.64.1:51189
OnConnectAuthenticate xin2 password:xxx2
client connected lient client_123 from 172.28.64.1:51188
OnConnectAuthenticate xin3 password:xinxin3
[DEBUG] 2023/09/12 10:58:19 main.go:32 msgserver try to close...
client disconnected + client client_1234 expire true, erro:read tcp 172.28.67.82:1883->172.28.64.1:51189: use of closed network connection
[DEBUG] 2023/09/12 10:58:19 main.go:34 msgserver closed...
-----------------------New Log-----------------------------
[DEBUG] 2023/09/12 12:38:28 main.go:22 msgserver start...
CoMsgHook initialised
client connected lient client_123 from 172.28.64.1:64884
OnConnectAuthenticate xin3 password:xinxin3
[DEBUG] 2023/09/12 12:38:37 main.go:35 msgserver try to close...
[DEBUG] 2023/09/12 12:38:37 main.go:37 msgserver closed...
-----------------------New Log-----------------------------
[DEBUG] 2023/09/12 12:39:06 main.go:22 msgserver start...
CoMsgHook initialised
[DEBUG] 2023/09/12 12:39:06 comsgserver.go:137 ----...
[DEBUG] 2023/09/12 12:39:07 comsgserver.go:152 ----...
[DEBUG] 2023/09/12 12:39:07 comsgserver.go:152 ----...
[DEBUG] 2023/09/12 12:39:08 comsgserver.go:152 ----...
[DEBUG] 2023/09/12 12:39:08 comsgserver.go:152 ----...
[DEBUG] 2023/09/12 12:39:09 comsgserver.go:152 ----...
[DEBUG] 2023/09/12 12:39:09 main.go:35 msgserver try to close...
[DEBUG] 2023/09/12 12:39:09 comsgserver.go:152 ----...
[DEBUG] 2023/09/12 12:39:09 main.go:37 msgserver closed...
-----------------------New Log-----------------------------
[DEBUG] 2023/09/12 12:39:30 main.go:22 msgserver start...
CoMsgHook initialised
[DEBUG] 2023/09/12 12:39:30 comsgserver.go:137 ----...
client connected lient client_123 from 172.28.64.1:64956
OnConnectAuthenticate xin3 password:xinxin3
[DEBUG] 2023/09/12 12:39:31 comsgserver.go:152 ----...
[DEBUG] 2023/09/12 12:39:31 comsgserver.go:167 publish type: 1
[DEBUG] 2023/09/12 12:39:31 comsgserver.go:152 ----...
[DEBUG] 2023/09/12 12:39:31 comsgserver.go:167 publish type: 1
[DEBUG] 2023/09/12 12:39:32 comsgserver.go:152 ----...
[DEBUG] 2023/09/12 12:39:32 comsgserver.go:167 publish type: 1
[DEBUG] 2023/09/12 12:39:32 comsgserver.go:152 ----...
[DEBUG] 2023/09/12 12:39:32 comsgserver.go:167 publish type: 1
[DEBUG] 2023/09/12 12:39:33 comsgserver.go:152 ----...
[DEBUG] 2023/09/12 12:39:33 comsgserver.go:167 publish type: 1
[DEBUG] 2023/09/12 12:39:33 main.go:35 msgserver try to close...
[DEBUG] 2023/09/12 12:39:33 comsgserver.go:152 ----...
[DEBUG] 2023/09/12 12:39:33 comsgserver.go:167 publish type: 1
[DEBUG] 2023/09/12 12:39:33 main.go:37 msgserver closed...
-----------------------New Log-----------------------------
[DEBUG] 2023/09/12 12:41:29 main.go:22 msgserver start...
CoMsgHook initialised
client connected lient client_123 from 172.28.64.1:65076
OnConnectAuthenticate xin3 password:xinxin3
[DEBUG] 2023/09/12 12:41:30 comsgserver.go:168 publish type: 1
[DEBUG] 2023/09/12 12:41:30 comsgserver.go:168 publish type: 1
[DEBUG] 2023/09/12 12:41:31 comsgserver.go:168 publish type: 1
[DEBUG] 2023/09/12 12:41:31 comsgserver.go:168 publish type: 1
[DEBUG] 2023/09/12 12:41:32 comsgserver.go:168 publish type: 1
[DEBUG] 2023/09/12 12:41:32 comsgserver.go:168 publish type: 1
[DEBUG] 2023/09/12 12:41:33 comsgserver.go:168 publish type: 1
[DEBUG] 2023/09/12 12:41:33 comsgserver.go:168 publish type: 1
[DEBUG] 2023/09/12 12:41:34 comsgserver.go:168 publish type: 1
[DEBUG] 2023/09/12 12:41:34 comsgserver.go:168 publish type: 1
[DEBUG] 2023/09/12 12:41:35 comsgserver.go:168 publish type: 1
[DEBUG] 2023/09/12 12:41:35 comsgserver.go:168 publish type: 1
[DEBUG] 2023/09/12 12:41:36 comsgserver.go:168 publish type: 1
[DEBUG] 2023/09/12 12:41:36 comsgserver.go:168 publish type: 1
[DEBUG] 2023/09/12 12:41:37 comsgserver.go:168 publish type: 1
[DEBUG] 2023/09/12 12:41:37 main.go:35 msgserver try to close...
[DEBUG] 2023/09/12 12:41:37 comsgserver.go:168 publish type: 1
[DEBUG] 2023/09/12 12:41:37 main.go:37 msgserver closed...
client disconnected + client client_123 expire true, erro:read tcp 172.28.67.82:1884->172.28.64.1:65076: use of closed network connection
-----------------------New Log-----------------------------
[DEBUG] 2023/09/12 12:42:44 main.go:22 msgserver start...
CoMsgHook initialised
received from client client inline payload 122222
published to client client inline payload 122222
client connected lient client_123 from 172.28.64.1:65148
OnConnectAuthenticate xin3 password:xinxin3
received from client client inline payload 122222
published to client client inline payload 122222
received from client client inline payload 122222
published to client client inline payload 122222
received from client client inline payload 122222
published to client client inline payload 122222
received from client client inline payload 122222
published to client client inline payload 122222
received from client client inline payload 122222
published to client client inline payload 122222
received from client client inline payload 122222
published to client client inline payload 122222
received from client client inline payload 122222
published to client client inline payload 122222
received from client client inline payload 122222
published to client client inline payload 122222
received from client client inline payload 122222
published to client client inline payload 122222
received from client client inline payload 122222
published to client client inline payload 122222
received from client client inline payload 122222
published to client client inline payload 122222
received from client client inline payload 122222
published to client client inline payload 122222
received from client client inline payload 122222
published to client client inline payload 122222
received from client client inline payload 122222
published to client client inline payload 122222
received from client client inline payload 122222
published to client client inline payload 122222
received from client client inline payload 122222
published to client client inline payload 122222
received from client client inline payload 122222
published to client client inline payload 122222
received from client client inline payload 122222
published to client client inline payload 122222
received from client client inline payload 122222
published to client client inline payload 122222
received from client client inline payload 122222
published to client client inline payload 122222
received from client client inline payload 122222
published to client client inline payload 122222
received from client client inline payload 122222
published to client client inline payload 122222
received from client client inline payload 122222
published to client client inline payload 122222
received from client client inline payload 122222
published to client client inline payload 122222
received from client client inline payload 122222
published to client client inline payload 122222
received from client client inline payload 122222
published to client client inline payload 122222
received from client client inline payload 122222
published to client client inline payload 122222
received from client client inline payload 122222
published to client client inline payload 122222
received from client client inline payload 122222
published to client client inline payload 122222
received from client client inline payload 122222
published to client client inline payload 122222
received from client client inline payload 122222
published to client client inline payload 122222
received from client client inline payload 122222
published to client client inline payload 122222
received from client client inline payload 122222
published to client client inline payload 122222
received from client client inline payload 122222
published to client client inline payload 122222
received from client client inline payload 122222
published to client client inline payload 122222
received from client client inline payload 122222
published to client client inline payload 122222
received from client client inline payload 122222
published to client client inline payload 122222
received from client client inline payload 122222
published to client client inline payload 122222
received from client client inline payload 122222
published to client client inline payload 122222
received from client client inline payload 122222
published to client client inline payload 122222
client failed ACL check
subscribed qos=[2]%!(EXTRA string=client, string=client_123, string=filters, packets.Subscriptions=[{[] testtopic/123 0 map[] 0 2 false false false}])
received from client client inline payload 122222
client failed ACL check
published to client client inline payload 122222
received from client client inline payload 122222
client failed ACL check
published to client client inline payload 122222
received from client client inline payload 122222
client failed ACL check
published to client client inline payload 122222
received from client client inline payload 122222
client failed ACL check
published to client client inline payload 122222
received from client client inline payload 122222
client failed ACL check
published to client client inline payload 122222
[DEBUG] 2023/09/12 12:43:31 main.go:37 msgserver try to close...
received from client client inline payload 122222
client failed ACL check
published to client client inline payload 122222
client disconnected + client client_123 expire true, erro:read tcp 172.28.67.82:1884->172.28.64.1:65148: use of closed network connection
[DEBUG] 2023/09/12 12:43:31 main.go:39 msgserver closed...
-----------------------New Log-----------------------------
[DEBUG] 2023/09/12 13:15:23 main.go:22 msgserver start...
CoMsgHook initialised
[DEBUG] 2023/09/12 13:15:26 main.go:37 msgserver try to close...
[DEBUG] 2023/09/12 13:15:26 main.go:39 msgserver closed...
-----------------------New Log-----------------------------
[DEBUG] 2023/09/12 13:42:02 main.go:23 msgserver start...
CoMsgHook initialised
[DEBUG] 2023/09/12 13:42:05 main.go:40 msgserver try to close...
[DEBUG] 2023/09/12 13:42:05 main.go:42 msgserver closed...
-----------------------New Log-----------------------------
[DEBUG] 2023/09/12 14:55:36 main.go:24 msgserver start...
CoMsgHook initialised
[DEBUG] 2023/09/12 14:55:41 main.go:43 msgserver try to close...
[DEBUG] 2023/09/12 14:55:41 main.go:45 msgserver closed...
-----------------------New Log-----------------------------
[DEBUG] 2023/09/12 14:55:44 main.go:24 msgserver start...
CoMsgHook initialised
[DEBUG] 2023/09/12 14:55:48 main.go:43 msgserver try to close...
[DEBUG] 2023/09/12 14:55:48 main.go:45 msgserver closed...
-----------------------New Log-----------------------------
[DEBUG] 2023/09/12 17:16:44 main.go:24 msgserver start...
CoMsgHook initialised
subscribed qos=[0]%!(EXTRA string=client, string=inline, string=filters, packets.Subscriptions=[{[] codesk/admin/# 1 map[] 0 0 false false false}])
subscribed qos=[0]%!(EXTRA string=client, string=inline, string=filters, packets.Subscriptions=[{[] codesk/report/# 2 map[] 0 0 false false false}])
client connected lient client_123 from 172.28.64.1:61147
OnConnectAuthenticate xin3 password:xinxin3
subscribed qos=[2]%!(EXTRA string=client, string=client_123, string=filters, packets.Subscriptions=[{[] testtopic/123 0 map[] 0 2 false false false}])
[DEBUG] 2023/09/12 17:28:53 main.go:43 msgserver try to close...
client disconnected + client client_123 expire true, erro:read tcp 172.28.67.82:1884->172.28.64.1:61147: use of closed network connection
[DEBUG] 2023/09/12 17:28:53 main.go:45 msgserver closed...
-----------------------New Log-----------------------------
[DEBUG] 2023/09/12 17:28:58 main.go:24 msgserver start...
CoMsgHook initialised
client connected lient client_123 from 172.28.64.1:61916
OnConnectAuthenticate xin3 password:xinxin3
subscribed qos=[2]%!(EXTRA string=client, string=client_123, string=filters, packets.Subscriptions=[{[] testtopic/123 0 map[] 0 2 false false false}])
subscribed qos=[0]%!(EXTRA string=client, string=inline, string=filters, packets.Subscriptions=[{[] codesk/admin/# 1 map[] 0 0 false false false}])
subscribed qos=[0]%!(EXTRA string=client, string=inline, string=filters, packets.Subscriptions=[{[] codesk/report/# 2 map[] 0 0 false false false}])
[DEBUG] 2023/09/12 17:29:05 comsgprocess.go:38 onNewMsg from: inline, topic:codesk/report/xxx, msg:{
  "msg": "my name is"
}
[DEBUG] 2023/09/12 17:30:11 comsgprocess.go:38 onNewMsg from: inline, topic:codesk/report/xxx, msg:{
  "msg": "my name is"
}
[DEBUG] 2023/09/12 17:30:13 comsgprocess.go:38 onNewMsg from: inline, topic:codesk/report/xxx, msg:{
  "msg": "my name is"
}
[DEBUG] 2023/09/12 17:30:14 comsgprocess.go:38 onNewMsg from: inline, topic:codesk/report/xxx, msg:{
  "msg": "my name is"
}
client disconnected + client client_123 expire true
[DEBUG] 2023/09/12 17:33:06 main.go:43 msgserver try to close...
[DEBUG] 2023/09/12 17:33:06 main.go:45 msgserver closed...
-----------------------New Log-----------------------------
[DEBUG] 2023/09/12 17:33:16 main.go:24 msgserver start...
CoMsgHook initialised
subscribed qos=[0]%!(EXTRA string=client, string=inline, string=filters, packets.Subscriptions=[{[] codesk/admin/# 1 map[] 0 0 false false false}])
subscribed qos=[0]%!(EXTRA string=client, string=inline, string=filters, packets.Subscriptions=[{[] codesk/report/# 2 map[] 0 0 false false false}])
client connected lient client_123 from 172.28.64.1:62079
OnConnectAuthenticate xin3 password:xinxin3
[DEBUG] 2023/09/12 17:33:29 main.go:43 msgserver try to close...
[DEBUG] 2023/09/12 17:33:29 main.go:45 msgserver closed...
-----------------------New Log-----------------------------
[DEBUG] 2023/09/12 17:37:55 main.go:24 msgserver start...
CoMsgHook initialised
subscribed qos=[0]%!(EXTRA string=client, string=inline, string=filters, packets.Subscriptions=[{[] codesk/admin/# 1 map[] 0 0 false false false}])
subscribed qos=[0]%!(EXTRA string=client, string=inline, string=filters, packets.Subscriptions=[{[] codesk/report/# 2 map[] 0 0 false false false}])
client connected lient client_123 from 172.28.64.1:56992
OnConnectAuthenticate xin3 password:xinxin3
[DEBUG] 2023/09/12 17:38:05 main.go:43 msgserver try to close...
[DEBUG] 2023/09/12 17:38:05 main.go:45 msgserver closed...
-----------------------New Log-----------------------------
[DEBUG] 2023/09/12 17:38:09 main.go:24 msgserver start...
CoMsgHook initialised
subscribed qos=[0]%!(EXTRA string=client, string=inline, string=filters, packets.Subscriptions=[{[] codesk/admin/# 1 map[] 0 0 false false false}])
subscribed qos=[0]%!(EXTRA string=client, string=inline, string=filters, packets.Subscriptions=[{[] codesk/report/# 2 map[] 0 0 false false false}])
client connected lient client_123 from 172.28.64.1:57001
OnConnectAuthenticate xin3 password:xinxin3
OnSessionEstablished  id:client_123
subscribed qos=[2]%!(EXTRA string=client, string=client_123, string=filters, packets.Subscriptions=[{[] testtopic/123 0 map[] 0 2 false false false}])
[DEBUG] 2023/09/12 17:38:22 comsgprocess.go:38 onNewMsg from: inline, topic:codesk/report/xxx, msg:{
  "msg": "my name is"
}
[DEBUG] 2023/09/12 17:39:05 main.go:43 msgserver try to close...
[DEBUG] 2023/09/12 17:39:05 main.go:45 msgserver closed...
